[0;36mafl-fuzz++4.35a[0m based on afl by Michal Zalewski and a large online community
[1;92m[+] [0mAFL++ is maintained by Marc "van Hauser" Heuse, Dominik Maier, Andrea Fioraldi and Heiko "hexcoder" Eißfeldt[0m
[1;92m[+] [0mAFL++ is open source, get it at https://github.com/AFLplusplus/AFLplusplus[0m
[1;92m[+] [0mNOTE: AFL++ >= v3 has changed defaults and behaviours - see README.md[0m
[1;92m[+] [0mNo -M/-S set, autoconfiguring for "-S default"[0m
[1;94m[*] [0mGetting to work...[0m
[1;92m[+] [0mUsing exploration-based constant power schedule (EXPLORE)[0m
[1;92m[+] [0mEnabled testcache with 50 MB[0m
[1;92m[+] [0mGenerating fuzz data with a length of min=1 max=1048576[0m
[1;94m[*] [0mChecking core_pattern...[0m
[1;94m[*] [0mChecking CPU scaling governor...[0m
[1;92m[+] [0mLooks like we're not running on a tty, so I'll be a bit less verbose.[0m
[1;92m[+] [0mYou have 32 CPU cores and 3 runnable tasks (utilization: 9%).[0m
[1;92m[+] [0mTry parallel jobs - see /usr/local/share/doc/afl/fuzzing_in_depth.md#c-using-multiple-cores[0m
[1;94m[*] [0mSetting up output directories...[0m
[1;92m[+] [0mOutput directory exists but deemed OK to reuse.[0m
[1;94m[*] [0mDeleting old session data...[0m
[1;92m[+] [0mOutput dir cleanup successful.[0m
[1;94m[*] [0mChecking CPU core loadout...[0m
[1;92m[+] [0mFound a free CPU core, try binding to #0.[0m
[1;94m[*] [0mValidating target binary...[0m
[1;94m[*] [0mScanning '/home/neavy/Tesseract-Fuzz/input/img2sixel'...[0m
[1;93m[!] [1;97mWARNING: [0mTest case '/home/neavy/Tesseract-Fuzz/input/img2sixel/color_blocks.tga' is too big (3.00 MB, limit is 1.00 MB), partial reading[0m
[1;94m[*] [0mCreating hard links for all input files...[0m
[1;92m[+] [0mLoaded a total of 3 seeds.[0m
argvs_fuzz_init
argvs_fuzz_init end
[1;94m[*] [0mSpinning up the fork server...[0m
[1;92m[+] [0mAll right - new fork server model v1 is up.[0m
[1;94m[*] [0mTarget map size: 5741[0m
[1;94m[*] [0mNo auto-generated dictionary tokens to reuse.[0m
[1;94m[*] [0mAttempting dry run with 'id:000000,time:0,execs:0,orig:color_blocks.tga'...[0m
[1;90m    len = 1048576, map size = 425, exec speed = 172404 us, hash = 030821e76c4b7130
[0m[1;94m[*] [0mAttempting dry run with 'id:000001,time:0,execs:0,orig:jpegsystems-home.jpg'...[0m
[1;90m    len = 41785, map size = 390, exec speed = 183594 us, hash = 28dd29e64664b762
[0m[1;94m[*] [0mAttempting dry run with 'id:000002,time:0,execs:0,orig:test.png'...[0m
[1;90m    len = 1517, map size = 355, exec speed = 91985 us, hash = 68ef7e146b98cf0d
[0m[1;92m[+] [0mAll test cases processed.[0m
[1;93m[!] [1;97mWARNING: [0m[1;91mThe target binary is pretty slow! See /usr/local/share/doc/afl/fuzzing_in_depth.md#i-improve-the-speed[0m
[1;93m[!] [1;97mWARNING: [0m[1;91mSome test cases are huge (1.00 MB) - see /usr/local/share/doc/afl/fuzzing_in_depth.md#i-improve-the-speed[0m
[1;92m[+] [0mHere are some useful stats:

[1;90m    Test case count : [0m3 favored, 0 variable, 0 ignored, 3 total
[1;90m       Bitmap range : [0m355 to 425 bits (average: 390.00 bits)
[1;90m        Exec timing : [0m92.0k to 183k us (average: 149k us)
[0m
[1;94m[*] [0mNo -t option specified, so I'll use an exec timeout of 300 ms.[0m
[1;92m[+] [0mAll set and ready to roll![0m
[1;94m[*] [0mFuzzing test case #0 (3 total, 0 crashes saved[0m, state: started :-), mode=explore, perf_score=100, weight=1, favorite=1, was_fuzzed=0, exec_us=172404, hits=0, map=425, ascii=0, run_time=0:00:00:00)...[0m
